// Jest Snapshot v1, https://goo.gl/fbAQLP

exports[`Custom Form is rendered correctly 1`] = `
<form
  className="ant-form ant-form-horizontal custom-form "
  onReset={[Function]}
  onSubmit={[Function]}
>
  <div
    className="ant-row ant-form-item"
    style={Object {}}
  >
    <div
      className="ant-col ant-col-24 ant-form-item-label"
      style={Object {}}
    >
      <label
        className=""
        htmlFor="username"
        title="Nazwa użytkownika"
      >
        Nazwa użytkownika
      </label>
    </div>
    <div
      className="ant-col ant-col-24 ant-form-item-control"
      style={Object {}}
    >
      <div
        className="ant-form-item-control-input"
      >
        <div
          className="ant-form-item-control-input-content"
        >
          <input
            className="ant-input"
            id="username"
            onBlur={[Function]}
            onChange={[Function]}
            onFocus={[Function]}
            onKeyDown={[Function]}
            placeholder="Podaj nazwę użytkownika"
            type="text"
            value=""
          />
        </div>
      </div>
    </div>
  </div>
  <div
    className="custom-form-btns"
  >
    <button
      className="ant-btn custom-btn custom-btn-primary custom-form-btn"
      onClick={[Function]}
      type="submit"
    >
      <span>
        Click
      </span>
    </button>
    <button
      className="ant-btn custom-btn custom-btn-clear custom-form-btn"
      onClick={[Function]}
      type="button"
    >
      <span>
        Wyczyść
      </span>
    </button>
  </div>
</form>
`;
