// Jest Snapshot v1, https://goo.gl/fbAQLP

exports[`Reservation Block Chunk Component matches the snapshot 1`] = `
<table>
  <tbody>
    <tr>
      <td
        className="block"
        colSpan={2}
        data-testid="block-0"
        onClick={[Function]}
        onMouseEnter={[Function]}
        onMouseLeave={[Function]}
      >
        <button
          className="block-btn"
          data-testid="btn-0"
          onBlur={[Function]}
          onFocus={[Function]}
          type="button"
        >
          <span
            className="block-btn-text"
          >
            08:00
          </span>
        </button>
        <div
          className="block-overlay"
        >
          08:00
          <div
            className="block-overlay-arrow"
          />
        </div>
      </td>
      <td
        className="block"
        colSpan={2}
        data-testid="block-1"
        onClick={[Function]}
        onMouseEnter={[Function]}
        onMouseLeave={[Function]}
      >
        <button
          className="block-btn"
          data-testid="btn-1"
          onBlur={[Function]}
          onFocus={[Function]}
          type="button"
        >
          <span
            className="block-btn-text"
          >
            08:15
          </span>
        </button>
        <div
          className="block-overlay"
        >
          08:15
          <div
            className="block-overlay-arrow"
          />
        </div>
      </td>
      <td
        className="block"
        colSpan={2}
        data-testid="block-2"
        onClick={[Function]}
        onMouseEnter={[Function]}
        onMouseLeave={[Function]}
      >
        <button
          className="block-btn"
          data-testid="btn-2"
          onBlur={[Function]}
          onFocus={[Function]}
          type="button"
        >
          <span
            className="block-btn-text"
          >
            08:30
          </span>
        </button>
        <div
          className="block-overlay"
        >
          08:30
          <div
            className="block-overlay-arrow"
          />
        </div>
      </td>
      <td
        className="block"
        colSpan={2}
        data-testid="block-3"
        onClick={[Function]}
        onMouseEnter={[Function]}
        onMouseLeave={[Function]}
      >
        <button
          className="block-btn"
          data-testid="btn-3"
          onBlur={[Function]}
          onFocus={[Function]}
          type="button"
        >
          <span
            className="block-btn-text"
          >
            08:45
          </span>
        </button>
        <div
          className="block-overlay"
        >
          08:45
          <div
            className="block-overlay-arrow"
          />
        </div>
      </td>
      <td
        className="block"
        colSpan={2}
        data-testid="block-4"
        onClick={[Function]}
        onMouseEnter={[Function]}
        onMouseLeave={[Function]}
      >
        <button
          className="block-btn"
          data-testid="btn-4"
          onBlur={[Function]}
          onFocus={[Function]}
          type="button"
        >
          <span
            className="block-btn-text"
          >
            09:00
          </span>
        </button>
        <div
          className="block-overlay"
        >
          09:00
          <div
            className="block-overlay-arrow"
          />
        </div>
      </td>
    </tr>
  </tbody>
</table>
`;
